// Vitest Snapshot v1, https://vitest.dev/guide/snapshot.html

exports[`exports > exports from index.ts 1`] = `
[
  "DeliveryOptionsMode",
  "PdkDeliveryOptionsEvent",
  "debounce",
  "defaultGetPackageType",
  "defaultUpdateDeliveryOptions",
  "deliveryOptionsIsRendered",
  "getDeliveryOptionsAddress",
  "getResolvedSettings",
  "initializeCheckoutDeliveryOptions",
  "shippingMethodHasDeliveryOptions",
  "toggleDeliveryOptions",
  "updateContext",
  "useDeliveryOptionsStore",
]
`;
