// Vitest Snapshot v1, https://vitest.dev/guide/snapshot.html

exports[`exports > exports from index.ts 1`] = `
[
  "AdminContextKey",
  "BackendEndpoint",
  "FrontendEndpoint",
  "Size",
  "SortType",
  "Status",
  "TriState",
  "Variant",
]
`;
