// Vitest Snapshot v1, https://vitest.dev/guide/snapshot.html

exports[`exports > exports from index.ts 1`] = `
[
  "DeliveryOptionsMode",
  "EVENT_HIDE_DELIVERY_OPTIONS",
  "EVENT_SHOW_DELIVERY_OPTIONS",
  "EVENT_UPDATED_ADDRESS",
  "EVENT_UPDATED_DELIVERY_OPTIONS",
  "EVENT_UPDATE_CONFIG",
  "EVENT_UPDATE_DELIVERY_OPTIONS",
  "FrontendEndpoint",
  "PdkDeliveryOptionsEvent",
  "StoreListener",
  "Util",
  "createPdkCheckout",
  "initializeCheckoutDeliveryOptions",
  "initializeCheckoutSeparateAddressFields",
  "initializeCheckoutTaxFields",
  "useCheckoutStore",
  "useDeliveryOptionsStore",
  "useEvent",
  "usePdkCheckout",
  "useSettings",
  "useUtil",
]
`;
